src/signals/agentDetection.ts(107,7): error TS2869: Right operand of ?? is unreachable because the left operand is never nullish.
src/signals/agentDetection.ts(155,16): error TS2532: Object is possibly 'undefined'.
src/signals/agentDetection.ts(155,33): error TS2532: Object is possibly 'undefined'.
src/signals/agentDetection.ts(156,16): error TS2532: Object is possibly 'undefined'.
src/signals/agentDetection.ts(156,33): error TS2532: Object is possibly 'undefined'.
src/structured-data/generator.ts(13,3): error TS6196: 'SchemaThing' is declared but never used.
src/structured-data/generator.ts(50,5): error TS2322: Type 'string | undefined' is not assignable to type 'string'.
  Type 'undefined' is not assignable to type 'string'.
src/structured-data/generator.ts(392,31): error TS2345: Argument of type 'string | undefined' is not assignable to parameter of type 'string'.
  Type 'undefined' is not assignable to type 'string'.
src/structured-data/types.ts(78,11): error TS2304: Cannot find name 'DataFormatType'.
src/structured-data/types.ts(94,11): error TS2304: Cannot find name 'DataFormatType'.
src/structured-data/types.ts(149,16): error TS2304: Cannot find name 'DataFormatType'.
undefined
C:\Users\Integer\projects\ia-design-system\packages\core:
ΓÇëERR_PNPM_RECURSIVE_EXEC_FIRST_FAILΓÇë Command failed with exit code 2: tsc --noEmit
